{
  "StreetNumber": 12,
  "Suburb": "Wallaby",
  "PostCode": "6000"
}